
=== Tue Apr  8 02:38:11 2025

Packages were changed.
Update Mode: updateDependencies

The following packages were added:
  com.unity.modules.accessibility@1.0.0
  com.unity.multiplayer.center@1.0.0
The following packages were updated:
  com.unity.cinemachine from version 2.9.7 to 2.10.3
  com.unity.collab-proxy from version 2.2.0 to 2.6.0
  com.unity.feature.development from version 1.0.1 to 1.0.2
  com.unity.inputsystem from version 1.7.0 to 1.13.0
  com.unity.render-pipelines.universal from version 14.0.9 to 17.0.3
  com.unity.timeline from version 1.7.6 to 1.8.7
  com.unity.ugui from version 1.0.0 to 2.0.0
  com.unity.visualscripting from version 1.9.1 to 1.9.5
The following packages were removed:
  com.unity.textmeshpro@3.0.6

=== Tue Apr 15 02:37:08 2025

Packages were changed.
Update Mode: updateDependencies

The following packages were updated:
  com.unity.burst from version 1.8.4 to 1.8.17
  com.unity.cinemachine from version 2.9.5 to 2.10.1
  com.unity.ide.rider from version 3.0.21 to 3.0.31
  com.unity.ide.visualstudio from version 2.0.18 to 2.0.22
  com.unity.inputsystem from version 1.5.1 to 1.7.0
  com.unity.render-pipelines.core from version 14.0.7 to 14.0.11
  com.unity.render-pipelines.universal from version 14.0.7 to 14.0.11
  com.unity.shadergraph from version 14.0.7 to 14.0.11
  com.unity.timeline from version 1.7.4 to 1.7.6
  com.unity.visualscripting from version 1.8.0 to 1.9.4

=== Tue Apr 15 02:37:08 2025

Packages were changed.
Update Mode: mergeDefaultDependencies

The following packages were added:
  com.unity.burst@1.8.17
  com.unity.ext.nunit@1.0.6
  com.unity.ide.rider@3.0.31
  com.unity.ide.visualstudio@2.0.22
  com.unity.ide.vscode@1.2.5
  com.unity.mathematics@1.2.6
  com.unity.render-pipelines.core@14.0.11
  com.unity.searcher@4.9.2
  com.unity.shadergraph@14.0.11
  com.unity.test-framework@1.1.33
  com.unity.modules.subsystems@1.0.0

=== Tue Apr 15 02:44:32 2025

Packages were changed.
Update Mode: updateDependencies

The following packages were updated:
  com.unity.burst from version 1.8.4 to 1.8.17
  com.unity.cinemachine from version 2.9.5 to 2.10.1
  com.unity.ide.rider from version 3.0.21 to 3.0.31
  com.unity.ide.visualstudio from version 2.0.18 to 2.0.22
  com.unity.inputsystem from version 1.5.1 to 1.7.0
  com.unity.render-pipelines.core from version 14.0.7 to 14.0.11
  com.unity.render-pipelines.universal from version 14.0.7 to 14.0.11
  com.unity.shadergraph from version 14.0.7 to 14.0.11
  com.unity.timeline from version 1.7.4 to 1.7.6
  com.unity.visualscripting from version 1.8.0 to 1.9.4

=== Tue Apr 15 02:44:32 2025

Packages were changed.
Update Mode: mergeDefaultDependencies

The following packages were added:
  com.unity.burst@1.8.17
  com.unity.ext.nunit@1.0.6
  com.unity.ide.rider@3.0.31
  com.unity.ide.visualstudio@2.0.22
  com.unity.ide.vscode@1.2.5
  com.unity.mathematics@1.2.6
  com.unity.render-pipelines.core@14.0.11
  com.unity.searcher@4.9.2
  com.unity.shadergraph@14.0.11
  com.unity.test-framework@1.1.33
  com.unity.modules.subsystems@1.0.0
The following packages were updated:
  com.unity.cinemachine from version 2.9.7 to 2.10.1
  com.unity.collab-proxy from version 2.2.0 to 2.5.1
  com.unity.render-pipelines.universal from version 14.0.9 to 14.0.11
  com.unity.visualscripting from version 1.9.1 to 1.9.4

=== Tue Apr 15 04:03:49 2025

Packages were changed.
Update Mode: updateDependencies

The following packages were updated:
  com.unity.burst from version 1.8.4 to 1.8.17
  com.unity.cinemachine from version 2.9.5 to 2.10.1
  com.unity.ide.rider from version 3.0.21 to 3.0.31
  com.unity.ide.visualstudio from version 2.0.18 to 2.0.22
  com.unity.inputsystem from version 1.5.1 to 1.7.0
  com.unity.render-pipelines.core from version 14.0.7 to 14.0.11
  com.unity.render-pipelines.universal from version 14.0.7 to 14.0.11
  com.unity.shadergraph from version 14.0.7 to 14.0.11
  com.unity.timeline from version 1.7.4 to 1.7.6
  com.unity.visualscripting from version 1.8.0 to 1.9.4

=== Tue Apr 15 04:03:50 2025

Packages were changed.
Update Mode: mergeDefaultDependencies

The following packages were added:
  com.unity.burst@1.8.17
  com.unity.ext.nunit@1.0.6
  com.unity.ide.rider@3.0.31
  com.unity.ide.visualstudio@2.0.22
  com.unity.ide.vscode@1.2.5
  com.unity.mathematics@1.2.6
  com.unity.render-pipelines.core@14.0.11
  com.unity.searcher@4.9.2
  com.unity.shadergraph@14.0.11
  com.unity.test-framework@1.1.33
  com.unity.modules.subsystems@1.0.0
The following packages were updated:
  com.unity.cinemachine from version 2.9.7 to 2.10.1
  com.unity.collab-proxy from version 2.2.0 to 2.5.1
  com.unity.render-pipelines.universal from version 14.0.9 to 14.0.11
  com.unity.visualscripting from version 1.9.1 to 1.9.4

=== Tue Apr 15 04:46:40 2025

Packages were changed.
Update Mode: updateDependencies

The following packages were added:
  com.unity.modules.accessibility@1.0.0
  com.unity.multiplayer.center@1.0.0
The following packages were updated:
  com.unity.cinemachine from version 2.9.7 to 2.10.3
  com.unity.collab-proxy from version 2.2.0 to 2.6.0
  com.unity.feature.development from version 1.0.1 to 1.0.2
  com.unity.inputsystem from version 1.7.0 to 1.13.0
  com.unity.render-pipelines.universal from version 14.0.9 to 17.0.3
  com.unity.timeline from version 1.7.6 to 1.8.7
  com.unity.ugui from version 1.0.0 to 2.0.0
  com.unity.visualscripting from version 1.9.1 to 1.9.5
The following packages were removed:
  com.unity.textmeshpro@3.0.6

=== Tue Apr 15 05:10:51 2025

Packages were changed.
Update Mode: updateDependencies

The following packages were updated:
  com.unity.ai.navigation from version 2.0.0 to 2.0.5
  com.unity.burst from version 1.8.13 to 1.8.19
  com.unity.cinemachine from version 2.10.0 to 2.10.3
  com.unity.collab-proxy from version 2.5.1 to 2.6.0
  com.unity.collections from version 2.4.0 to 2.5.1
  com.unity.ide.rider from version 3.0.28 to 3.0.31
  com.unity.inputsystem from version 1.8.1 to 1.13.0
  com.unity.mathematics from version 1.3.1 to 1.3.2
  com.unity.test-framework from version 1.4.3 to 1.4.6
  com.unity.timeline from version 1.8.6 to 1.8.7
  com.unity.visualscripting from version 1.9.4 to 1.9.5

=== Tue Apr 15 05:10:51 2025

Packages were changed.
Update Mode: mergeDefaultDependencies

The following packages were added:
  com.unity.ai.navigation@2.0.5
  com.unity.burst@1.8.19
  com.unity.collections@2.5.1
  com.unity.ext.nunit@2.0.5
  com.unity.ide.rider@3.0.31
  com.unity.ide.visualstudio@2.0.22
  com.unity.mathematics@1.3.2
  com.unity.nuget.mono-cecil@1.11.4
  com.unity.package-validation-suite@0.22.0-preview
  com.unity.render-pipelines.core@17.0.3
  com.unity.render-pipelines.universal-config@17.0.3
  com.unity.rendering.light-transport@1.0.1
  com.unity.searcher@4.9.2
  com.unity.shadergraph@17.0.3
  com.unity.test-framework@1.4.6
  com.unity.test-framework.performance@3.0.3
  com.unity.modules.hierarchycore@1.0.0
  com.unity.modules.subsystems@1.0.0

=== Tue Apr 15 23:04:17 2025

Packages were changed.
Update Mode: updateDependencies

The following packages were added:
  com.unity.multiplayer.center@1.0.0
The following packages were updated:
  com.unity.ai.navigation from version 2.0.0 to 2.0.5
  com.unity.burst from version 1.8.13 to 1.8.19
  com.unity.cinemachine from version 2.10.0 to 2.10.3
  com.unity.collab-proxy from version 2.5.1 to 2.6.0
  com.unity.collections from version 2.4.0 to 2.5.1
  com.unity.ide.rider from version 3.0.28 to 3.0.31
  com.unity.inputsystem from version 1.8.1 to 1.13.0
  com.unity.mathematics from version 1.3.1 to 1.3.2
  com.unity.test-framework from version 1.4.3 to 1.4.6
  com.unity.timeline from version 1.8.6 to 1.8.7
  com.unity.visualscripting from version 1.9.4 to 1.9.5

=== Tue Apr 15 23:04:17 2025

Packages were changed.
Update Mode: mergeDefaultDependencies

The following packages were added:
  com.unity.ai.navigation@2.0.5
  com.unity.burst@1.8.19
  com.unity.collections@2.5.1
  com.unity.ext.nunit@2.0.5
  com.unity.ide.rider@3.0.31
  com.unity.ide.visualstudio@2.0.22
  com.unity.mathematics@1.3.2
  com.unity.multiplayer.center@1.0.0
  com.unity.nuget.mono-cecil@1.11.4
  com.unity.package-validation-suite@0.22.0-preview
  com.unity.render-pipelines.core@17.0.3
  com.unity.render-pipelines.universal-config@17.0.3
  com.unity.rendering.light-transport@1.0.1
  com.unity.searcher@4.9.2
  com.unity.shadergraph@17.0.3
  com.unity.test-framework@1.4.6
  com.unity.test-framework.performance@3.0.3
  com.unity.modules.accessibility@1.0.0
  com.unity.modules.hierarchycore@1.0.0
  com.unity.modules.subsystems@1.0.0
The following packages were updated:
  com.unity.cinemachine from version 2.9.7 to 2.10.3
  com.unity.collab-proxy from version 2.2.0 to 2.6.0
  com.unity.inputsystem from version 1.7.0 to 1.13.0
  com.unity.render-pipelines.universal from version 14.0.9 to 17.0.3
  com.unity.timeline from version 1.7.6 to 1.8.7
  com.unity.ugui from version 1.0.0 to 2.0.0
  com.unity.visualscripting from version 1.9.1 to 1.9.5
